// Jest Snapshot v1, https://goo.gl/fbAQLP

exports[`fetchConfig() Getting the data Failed Scenarios not a valid response from server 1`] = `
Object {
  "done": false,
  "value": Object {
    "@@redux-saga/IO": true,
    "CALL": Object {
      "args": Array [
        "undefined/common/config",
        Object {
          "headers": Object {
            "hertoken": "",
          },
          "method": "GET",
        },
      ],
      "context": null,
      "fn": [Function],
    },
  },
}
`;

exports[`fetchConfig() Getting the data Failed Scenarios not a valid response from server 2`] = `
Object {
  "done": false,
  "value": Object {
    "@@redux-saga/IO": true,
    "PUT": Object {
      "action": Object {
        "payload": Object {
          "messages": Array [
            Object {
              "text": "No response from server",
            },
          ],
          "success": false,
        },
        "type": "app/App/FETCH_CONFIG_FAILED",
      },
      "channel": null,
    },
  },
}
`;

exports[`fetchConfig() Getting the data Failed Scenarios with server error 1`] = `
Object {
  "done": false,
  "value": Object {
    "@@redux-saga/IO": true,
    "CALL": Object {
      "args": Array [
        "undefined/common/config",
        Object {
          "headers": Object {
            "hertoken": "",
          },
          "method": "GET",
        },
      ],
      "context": null,
      "fn": [Function],
    },
  },
}
`;

exports[`fetchConfig() Getting the data Failed Scenarios with server error 2`] = `
Object {
  "done": false,
  "value": Object {
    "@@redux-saga/IO": true,
    "PUT": Object {
      "action": Object {
        "payload": Object {
          "messages": Array [
            Object {
              "text": "No response from server",
            },
          ],
          "success": false,
        },
        "type": "app/App/FETCH_CONFIG_FAILED",
      },
      "channel": null,
    },
  },
}
`;

exports[`fetchConfig() Getting the data should trigger fetchConfigSuccess() when response.success is true 1`] = `
Object {
  "done": false,
  "value": Object {
    "@@redux-saga/IO": true,
    "CALL": Object {
      "args": Array [
        "undefined/common/config",
        Object {
          "headers": Object {
            "hertoken": "",
          },
          "method": "GET",
        },
      ],
      "context": null,
      "fn": [Function],
    },
  },
}
`;

exports[`fetchConfig() Getting the data should trigger fetchConfigSuccess() when response.success is true 2`] = `
Object {
  "done": false,
  "value": Object {
    "@@redux-saga/IO": true,
    "PUT": Object {
      "action": Object {
        "payload": Object {
          "messages": Array [
            Object {
              "text": "No response from server",
            },
          ],
          "success": false,
        },
        "type": "app/App/FETCH_CONFIG_FAILED",
      },
      "channel": null,
    },
  },
}
`;
